D:\AS\workspace\projects\RobotNewEra_20150612\Logical\Global.typ
D:\AS\workspace\projects\RobotNewEra_20150612\Logical\Global.var
D:\AS\workspace\projects\RobotNewEra_20150612\Logical\Libraries\Runtime\runtime.var
D:\AS\workspace\projects\RobotNewEra_20150612\Logical\Libraries\Runtime\runtime.typ
D:\AS\workspace\projects\RobotNewEra_20150612\Logical\Libraries\Runtime\runtime.fun
D:\AS\workspace\projects\RobotNewEra_20150612\Logical\Libraries\Operator\operator.fun
D:\AS\workspace\projects\RobotNewEra_20150612\Logical\Libraries\AsIecCon\AsIecCon.fun
D:\AS\workspace\projects\RobotNewEra_20150612\Logical\Libraries\astime\astime.var
D:\AS\workspace\projects\RobotNewEra_20150612\Logical\Libraries\astime\astime.typ
D:\AS\workspace\projects\RobotNewEra_20150612\Logical\Libraries\astime\astime.fun
D:\AS\workspace\projects\RobotNewEra_20150612\Logical\Libraries\DataObj\DataObj.var
D:\AS\workspace\projects\RobotNewEra_20150612\Logical\Libraries\DataObj\DataObj.typ
D:\AS\workspace\projects\RobotNewEra_20150612\Logical\Libraries\DataObj\DataObj.fun
D:\AS\workspace\projects\RobotNewEra_20150612\Logical\Libraries\AsMem\AsMem.var
D:\AS\workspace\projects\RobotNewEra_20150612\Logical\Libraries\AsMem\AsMem.fun
D:\AS\workspace\projects\RobotNewEra_20150612\Logical\Libraries\AsArLog\AsArLog.var
D:\AS\workspace\projects\RobotNewEra_20150612\Logical\Libraries\AsArLog\AsArLog.typ
D:\AS\workspace\projects\RobotNewEra_20150612\Logical\Libraries\AsArLog\AsArLog.fun
D:\AS\workspace\projects\RobotNewEra_20150612\Logical\Libraries\sys_lib\sys_lib.var
D:\AS\workspace\projects\RobotNewEra_20150612\Logical\Libraries\sys_lib\sys_lib.typ
D:\AS\workspace\projects\RobotNewEra_20150612\Logical\Libraries\sys_lib\sys_lib.fun
D:\AS\workspace\projects\RobotNewEra_20150612\Logical\Libraries\AsArProf\AsArProf.var
D:\AS\workspace\projects\RobotNewEra_20150612\Logical\Libraries\AsArProf\AsArProf.typ
D:\AS\workspace\projects\RobotNewEra_20150612\Logical\Libraries\AsArProf\AsArProf.fun
D:\AS\workspace\projects\RobotNewEra_20150612\Logical\Libraries\brsystem\brsystem.var
D:\AS\workspace\projects\RobotNewEra_20150612\Logical\Libraries\brsystem\brsystem.fun
D:\AS\workspace\projects\RobotNewEra_20150612\Logical\Libraries\FileIO\FileIO.var
D:\AS\workspace\projects\RobotNewEra_20150612\Logical\Libraries\FileIO\FileIO.typ
D:\AS\workspace\projects\RobotNewEra_20150612\Logical\Libraries\FileIO\FileIO.fun
D:\AS\workspace\projects\RobotNewEra_20150612\Logical\Libraries\standard\standard.fun
D:\AS\workspace\projects\RobotNewEra_20150612\Logical\Libraries\asrfbext\asrfbext.typ
D:\AS\workspace\projects\RobotNewEra_20150612\Logical\Libraries\asrfbext\asrfbext.fun
D:\AS\workspace\projects\RobotNewEra_20150612\Logical\Libraries\AsICMP\AsICMP.var
D:\AS\workspace\projects\RobotNewEra_20150612\Logical\Libraries\AsICMP\AsICMP.fun
D:\AS\workspace\projects\RobotNewEra_20150612\Logical\Libraries\AsUSB\AsUSB.var
D:\AS\workspace\projects\RobotNewEra_20150612\Logical\Libraries\AsUSB\AsUSB.typ
D:\AS\workspace\projects\RobotNewEra_20150612\Logical\Libraries\AsUSB\AsUSB.fun
D:\AS\workspace\projects\RobotNewEra_20150612\Logical\Libraries\visapi\Visapi.typ
D:\AS\workspace\projects\RobotNewEra_20150612\Logical\Libraries\visapi\Visapi.fun
D:\AS\workspace\projects\RobotNewEra_20150612\Logical\Libraries\visapi\Visapi.var
D:\AS\workspace\projects\RobotNewEra_20150612\Logical\Libraries\TRF_LIB\TRF_LIB.var
D:\AS\workspace\projects\RobotNewEra_20150612\Logical\Libraries\TRF_LIB\TRF_LIB.typ
D:\AS\workspace\projects\RobotNewEra_20150612\Logical\Libraries\TRF_LIB\TRF_LIB.fun
D:\AS\workspace\projects\RobotNewEra_20150612\Logical\Libraries\AsIO\AsIO.var
D:\AS\workspace\projects\RobotNewEra_20150612\Logical\Libraries\AsIO\AsIO.fun
D:\AS\workspace\projects\RobotNewEra_20150612\Logical\Libraries\AsIOMMan\AsIOMMan.var
D:\AS\workspace\projects\RobotNewEra_20150612\Logical\Libraries\AsIOMMan\AsIOMMan.fun
D:\AS\workspace\projects\RobotNewEra_20150612\Logical\Libraries\AsIODiag\AsIODiag.var
D:\AS\workspace\projects\RobotNewEra_20150612\Logical\Libraries\AsIODiag\AsIODiag.typ
D:\AS\workspace\projects\RobotNewEra_20150612\Logical\Libraries\AsIODiag\AsIODiag.fun
D:\AS\workspace\projects\RobotNewEra_20150612\Logical\Libraries\AsSem\AsSem.var
D:\AS\workspace\projects\RobotNewEra_20150612\Logical\Libraries\AsSem\AsSem.fun
D:\AS\workspace\projects\RobotNewEra_20150612\Logical\Libraries\AsBrStr\AsBrStr.fun
D:\AS\workspace\projects\RobotNewEra_20150612\Logical\Libraries\LoopConR\LoopConR.var
D:\AS\workspace\projects\RobotNewEra_20150612\Logical\Libraries\LoopConR\LoopConR.typ
D:\AS\workspace\projects\RobotNewEra_20150612\Logical\Libraries\LoopConR\LoopConR.fun
D:\AS\workspace\projects\RobotNewEra_20150612\Logical\Libraries\Acp10man\Acp10man.typ
D:\AS\workspace\projects\RobotNewEra_20150612\Logical\Libraries\Acp10par\Acp10par.var
D:\AS\workspace\projects\RobotNewEra_20150612\Logical\Libraries\NcGlobal\Ncglobal.fun
D:\AS\workspace\projects\RobotNewEra_20150612\Logical\Libraries\NcGlobal\Ncglobal.typ
D:\AS\workspace\projects\RobotNewEra_20150612\Logical\Libraries\NcGlobal\Ncglobal.var
D:\AS\workspace\projects\RobotNewEra_20150612\Logical\Libraries\Acp10sim\acp10sim.var
D:\AS\workspace\projects\RobotNewEra_20150612\Logical\Libraries\Acp10sim\acp10sim.typ
D:\AS\workspace\projects\RobotNewEra_20150612\Logical\Libraries\Acp10_MC\acp10_mc.var
D:\AS\workspace\projects\RobotNewEra_20150612\Logical\Libraries\Acp10_MC\acp10_mc.typ
D:\AS\workspace\projects\RobotNewEra_20150612\Logical\Libraries\Acp10_MC\acp10_mc.fun
D:\AS\workspace\projects\RobotNewEra_20150612\Logical\Libraries\Arnc0man\arnc0man.typ
D:\AS\workspace\projects\RobotNewEra_20150612\Logical\Libraries\Acp10sdc\acp10sdc.var
D:\AS\workspace\projects\RobotNewEra_20150612\Logical\Libraries\Acp10sdc\acp10sdc.typ
D:\AS\workspace\projects\RobotNewEra_20150612\Logical\Libraries\Arnc0mx\arnc0mx.var
D:\AS\workspace\projects\RobotNewEra_20150612\Logical\Libraries\Arnc0mx\arnc0mx.typ
D:\AS\workspace\projects\RobotNewEra_20150612\Logical\Libraries\Arnc0mx\arnc0mx.fun
D:\AS\workspace\projects\RobotNewEra_20150612\Logical\MotionHandling\MotionGlobal.typ
D:\AS\workspace\projects\RobotNewEra_20150612\Logical\MotionHandling\MotionGlobal.var
D:\AS\workspace\projects\RobotNewEra_20150612\Logical\MotionHandling\MotionGlobalDefines.var
D:\AS\workspace\projects\RobotNewEra_20150612\Logical\MotionHandling\MotionGlobalSize.var
D:\AS\workspace\projects\RobotNewEra_20150612\Logical\MotionHandling\SystemHandling\System.typ
D:\AS\workspace\projects\RobotNewEra_20150612\Logical\MotionHandling\SystemHandling\System.var
D:\AS\workspace\projects\RobotNewEra_20150612\Logical\MotionHandling\CncHandling\Cnc.typ
D:\AS\workspace\projects\RobotNewEra_20150612\Logical\MotionHandling\CncHandling\Cnc.var
D:\AS\workspace\projects\RobotNewEra_20150612\Logical\MotionHandling\AxesHandling\Axes.typ
D:\AS\workspace\projects\RobotNewEra_20150612\Logical\MotionHandling\AxesHandling\Axes.var
D:\AS\workspace\projects\RobotNewEra_20150612\Logical\MotionHandling\Jogging\JogGlobal.typ
D:\AS\workspace\projects\RobotNewEra_20150612\Logical\MotionHandling\FeedForward\OptMotConfig.var
D:\AS\workspace\projects\RobotNewEra_20150612\Logical\MotionHandling\Optimizer\Optimizer.typ
D:\AS\workspace\projects\RobotNewEra_20150612\Logical\MotionHandling\Optimizer\Optimizer.var
D:\AS\workspace\projects\RobotNewEra_20150612\Logical\HmiHandling\HmiGlobal.typ
D:\AS\workspace\projects\RobotNewEra_20150612\Logical\HmiHandling\HmiGlobal.var
D:\AS\workspace\projects\RobotNewEra_20150612\Logical\HmiHandling\HmiHardKey\HmiHardKeyGlobal.typ
D:\AS\workspace\projects\RobotNewEra_20150612\Logical\HmiHandling\HmiHardKey\HmiHardKeyGlobal.var
D:\AS\workspace\projects\RobotNewEra_20150612\Logical\HmiHandling\HmiKeyCtrl\HmiKeyControlGlobal.typ
D:\AS\workspace\projects\RobotNewEra_20150612\Logical\HmiHandling\HmiKeyCtrl\HmiKeyControlGlobal.var
D:\AS\workspace\projects\RobotNewEra_20150612\Logical\HmiHandling\HmiMain\HmiMainGlobal.typ
D:\AS\workspace\projects\RobotNewEra_20150612\Logical\HmiHandling\HmiMain\HmiMainGlobal.var
D:\AS\workspace\projects\RobotNewEra_20150612\Logical\HmiHandling\HmiSetup\HmiSetupGlobal.typ
D:\AS\workspace\projects\RobotNewEra_20150612\Logical\HmiHandling\HmiSetup\HmiSetupGlobal.var
D:\AS\workspace\projects\RobotNewEra_20150612\Logical\HmiHandling\HmiIO\HmiIOGlobal.typ
D:\AS\workspace\projects\RobotNewEra_20150612\Logical\HmiHandling\HmiIO\HmiIOGlobal.var
D:\AS\workspace\projects\RobotNewEra_20150612\Logical\HmiHandling\HmiIO\ModDiag\ModDiag.fun
D:\AS\workspace\projects\RobotNewEra_20150612\Logical\HmiHandling\HmiIO\ModDiag\ModDiag.typ
D:\AS\workspace\projects\RobotNewEra_20150612\Logical\HmiHandling\HmiIO\ModDiag\ModDiag.var
D:\AS\workspace\projects\RobotNewEra_20150612\Logical\HmiHandling\HmiPrg\HmiProgramGlobal.typ
D:\AS\workspace\projects\RobotNewEra_20150612\Logical\HmiHandling\HmiPrg\HmiProgramGlobal.var
D:\AS\workspace\projects\RobotNewEra_20150612\Logical\HmiHandling\HmiEditor\HmiEditorGlobal.typ
D:\AS\workspace\projects\RobotNewEra_20150612\Logical\HmiHandling\HmiEditor\HmiEditorGlobal.var
D:\AS\workspace\projects\RobotNewEra_20150612\Logical\HmiHandling\HmiAlarm\HmiAlarmGlobal.typ
D:\AS\workspace\projects\RobotNewEra_20150612\Logical\HmiHandling\HmiAlarm\HmiAlarmGlobal.var
D:\AS\workspace\projects\RobotNewEra_20150612\Logical\HmiHandling\HmiJog\HmiJogGlobal.typ
D:\AS\workspace\projects\RobotNewEra_20150612\Logical\HmiHandling\HmiJog\HmiJogGlobal.var
D:\AS\workspace\projects\RobotNewEra_20150612\Logical\ErrorHandling\Error.typ
D:\AS\workspace\projects\RobotNewEra_20150612\Logical\ErrorHandling\Error.var
D:\AS\workspace\projects\RobotNewEra_20150612\Logical\Recipe\RecipeGlobal.typ
D:\AS\workspace\projects\RobotNewEra_20150612\Logical\Recipe\RecipeGlobal.var
D:\AS\workspace\projects\RobotNewEra_20150612\Logical\UserStd\GlobalUserStd.var
D:\AS\workspace\projects\RobotNewEra_20150612\Logical\MotionHandling\Configuration\Config.typ
D:\AS\workspace\projects\RobotNewEra_20150612\Logical\MotionHandling\FeedForward\OptMotConfig.typ
D:\AS\workspace\projects\RobotNewEra_20150612\Logical\HmiHandling\HmiMain\HmiFileGlobal.typ
D:\AS\workspace\projects\RobotNewEra_20150612\Logical\HmiHandling\HmiMain\HmiFileGlobal.var
D:\AS\workspace\projects\RobotNewEra_20150612\Logical\HmiHandling\HmiSetup\HmiSetupLocalGlobal.var
D:\AS\workspace\projects\RobotNewEra_20150612\Logical\HmiHandling\HmiEditor\HmiEditorLocalGlobal.typ
D:\AS\workspace\projects\RobotNewEra_20150612\Logical\HmiHandling\HmiEditor\HmiEditorLocalGlobal.var
D:\AS\workspace\projects\RobotNewEra_20150612\Temp\Objects\Simulation\PLC1\OptMotion\OptMotionGlobal.typ
D:\AS\workspace\projects\RobotNewEra_20150612\Temp\Objects\Simulation\PLC1\OptMotion\OptMotionGlobal.var
D:\AS\workspace\projects\RobotNewEra_20150612\Temp\Objects\Simulation\PLC1\Jog\JogGlobal.typ
D:\AS\workspace\projects\RobotNewEra_20150612\Temp\Objects\Simulation\PLC1\Jog\JogGlobal.var
D:\AS\workspace\projects\RobotNewEra_20150612\Temp\Objects\Simulation\PLC1\Trf\TrfGlobal.typ
D:\AS\workspace\projects\RobotNewEra_20150612\Temp\Objects\Simulation\PLC1\Trf\TrfGlobal.var
D:\AS\workspace\projects\RobotNewEra_20150612\Temp\Objects\Simulation\PLC1\RecipeCont\RecipeContGlobal.typ
D:\AS\workspace\projects\RobotNewEra_20150612\Temp\Objects\Simulation\PLC1\RecipeCont\RecipeContGlobal.var
D:\AS\workspace\projects\RobotNewEra_20150612\Temp\Objects\Simulation\PLC1\UserStd\UserStdGlobal.typ
D:\AS\workspace\projects\RobotNewEra_20150612\Temp\Objects\Simulation\PLC1\UserStd\UserStdGlobal.var
D:\AS\workspace\projects\RobotNewEra_20150612\Temp\Objects\Simulation\PLC1\HmiHardKey\HmiHardKeyGlobal.typ
D:\AS\workspace\projects\RobotNewEra_20150612\Temp\Objects\Simulation\PLC1\HmiHardKey\HmiHardKeyGlobal.var
