d:\as\workspace\projects\robotnewera_20150612\temp\includes\errorhandling\errortyp.h	D:\AS\workspace\projects\RobotNewEra_20150612\Logical\HmiHandling\HmiGlobal.var global
e:\robot_moban\robotnewera_20150612\temp\includes\hmihandling\hmiio\hmiioglobaltyp.h	E:\Robot_moban\RobotNewEra_20150612\Logical\HmiHandling\HmiIO\HmiIOGlobal.var global
d:\as\workspace\projects\robotnewera_20150612\temp\includes\hmihandling\hmikeyctrl\hmikeycontrolglobaltyp.h	D:\AS\workspace\projects\RobotNewEra_20150612\Logical\HmiHandling\HmiGlobal.var global
d:\as\workspace\projects\robotnewera_20150612\temp\includes\motionhandling\jogging\jog\jogvar.h	D:\AS\workspace\projects\RobotNewEra_20150612\Logical\MotionHandling\MotionGlobalSize.var global
d:\as\workspace\projects\robotnewera_20150612\temp\includes\motionhandling\axeshandling\axestyp.h	D:\AS\workspace\projects\RobotNewEra_20150612\Logical\MotionHandling\MotionGlobalSize.var global
e:\robot_moban\robotnewera_20150612\temp\includes\motionhandling\transformations\trf\trfprvvar.h	E:\Robot_moban\RobotNewEra_20150612\Logical\MotionHandling\MotionGlobalSize.var global
d:\as\workspace\projects\robotnewera_20150612\temp\includes\recipe\recipeglobaltyp.h	D:\AS\workspace\projects\RobotNewEra_20150612\Logical\Recipe\RecipeGlobal.var global
d:\as\workspace\projects\robotnewera_20150612\temp\includes\hmihandling\hmiio\hmiioglobaltyp.h	D:\AS\workspace\projects\RobotNewEra_20150612\Logical\HmiHandling\HmiIO\HmiIOGlobal.var global
e:\robot_moban\robotnewera_20150612\temp\includes\motionhandling\jogging\jog\jogvar.h	E:\Robot_moban\RobotNewEra_20150612\Logical\MotionHandling\MotionGlobalSize.var global
e:\robot_moban\robotnewera_20150612\temp\includes\motionhandling\feedforward\6axatrqff\6axatrqffvar.h	E:\Robot_moban\RobotNewEra_20150612\Logical\MotionHandling\MotionGlobalSize.var global
d:\as\workspace\projects\robotnewera_20150612\temp\includes\motionhandling\transformations\trf\trfprvvar.h	D:\AS\workspace\projects\RobotNewEra_20150612\Logical\MotionHandling\MotionGlobalSize.var global
e:\robot_moban\robotnewera_20150612\temp\includes\motionhandling\cnchandling\cnctyp.h	E:\Robot_moban\RobotNewEra_20150612\Logical\MotionHandling\MotionGlobalSize.var global
e:\robot_moban\robotnewera_20150612\temp\includes\hmihandling\hmikeyctrl\hmikeycontrolglobaltyp.h	E:\Robot_moban\RobotNewEra_20150612\Logical\HmiHandling\HmiGlobal.var global
e:\robot_moban\robotnewera_20150612\temp\includes\recipe\recipeglobaltyp.h	E:\Robot_moban\RobotNewEra_20150612\Logical\Recipe\RecipeGlobal.var global
d:\as\workspace\projects\robotnewera_20150612\temp\includes\hmihandling\hmieditor\hmieditor\hmieditorlocalvar.h	D:\AS\workspace\projects\RobotNewEra_20150612\Logical\MotionHandling\MotionGlobalSize.var global
e:\robot_moban\robotnewera_20150612\temp\includes\hmihandling\hmijog\hmijogctrl\hmijoglocalvar.h	E:\Robot_moban\RobotNewEra_20150612\Logical\MotionHandling\MotionGlobalSize.var global
d:\as\workspace\projects\robotnewera_20150612\temp\includes\userstd\userstd\usertyp.h	D:\AS\workspace\projects\RobotNewEra_20150612\Logical\UserStd\UserStd\User.var local
e:\robot_moban\robotnewera_20150612\temp\includes\errorhandling\errortyp.h	E:\Robot_moban\RobotNewEra_20150612\Logical\HmiHandling\HmiGlobal.var global
d:\as\workspace\projects\robotnewera_20150612\temp\includes\hmihandling\hmijog\hmijogctrl\hmijoglocalvar.h	D:\AS\workspace\projects\RobotNewEra_20150612\Logical\MotionHandling\MotionGlobalSize.var global
d:\as\workspace\projects\robotnewera_20150612\temp\includes\motionhandling\systemhandling\systemtyp.h	D:\AS\workspace\projects\RobotNewEra_20150612\Logical\MotionHandling\MotionGlobalSize.var global
e:\robot_moban\robotnewera_20150612\temp\includes\userstd\userstd\usertyp.h	E:\Robot_moban\RobotNewEra_20150612\Logical\UserStd\UserStd\User.var local
e:\robot_moban\robotnewera_20150612\temp\includes\motionhandling\systemhandling\systemtyp.h	E:\Robot_moban\RobotNewEra_20150612\Logical\MotionHandling\MotionGlobalSize.var global
e:\robot_moban\robotnewera_20150612\temp\includes\hmihandling\hmieditor\hmieditor\hmieditorlocalvar.h	E:\Robot_moban\RobotNewEra_20150612\Logical\MotionHandling\MotionGlobalSize.var global
e:\robot_moban\robotnewera_20150612\temp\includes\motionhandling\axeshandling\axestyp.h	E:\Robot_moban\RobotNewEra_20150612\Logical\MotionHandling\MotionGlobalSize.var global
d:\as\workspace\projects\robotnewera_20150612\temp\includes\motionhandling\cnchandling\cnctyp.h	D:\AS\workspace\projects\RobotNewEra_20150612\Logical\MotionHandling\MotionGlobalSize.var global
